T=48 NH=64 D=512 NW=128 NC=512 RING=4096 n_c=4144
kernel vs fp32-P reference  : rel_l2=4.819e-07 worst_abs=1.118e-08
kernel vs bf16-P reference  : rel_l2=1.414e-03 worst_abs=1.419e-05
all-masked row (token 0)    : finite=1  max|o|=0.000e+00  (expect 0)
CONTROL order  (compressed-first): rel_l2=4.811e-07 vs ref, 6.176e-07 vs correct order
CONTROL gather (sequential rows) : rel_l2=1.219e+00  -> separation 2530326x

BLOCK ORDER IS NOT COVERED BY THIS GATE. Reordering moves the result
      6.176e-07 (vs the kernel's own 4.819e-07 from the fp32 reference, and the
      1.414e-03 that prefill_attn's bf16-P rounding already costs). Order is a
      bit-exactness question here, not a correctness one.

NOTE: the gap against the bf16-P reference is this kernel being MORE
      accurate, not less. tools/prefill_attn.py rounds P to bf16 because
      tl.dot needs a tensor-core dtype; this kernel's hand-rolled FMA dot
      has no reason to pay that. DO NOT 'fix' the kernel toward the bf16-P
      number -- that makes the port worse to make a number prettier.
      Consequence to expect: being more accurate means DIVERGING from the
      Python engine, and ulp differences flip MoE router decisions. So
      end-to-end validation is on OUTPUT QUALITY, not bit-identity, and a
      per-layer bisect is only valid up to the FIRST routing flip.
PRODUCTION entry (i64 idx, bf16 out)            : 0/1572864 differ from bf16(fp32 kernel) | CTRL other mode: 1570918 differ
PRODUCTION entry (i64 idx, bf16 out) window-only: 0/1572864 differ from bf16(fp32 kernel) | CTRL other mode: 1538579 differ
PRODUCTION entry w32 (i32 wpos, i64 idx, bf16) : 0/1572864 differ from bf16(fp32 kernel)
SPLIT-KV decode entry (S=20 x 32 keys + combine): 502/1572864 bf16 differ from bf16(one-pass) (99.9681% identical), vs fp32 ref rel_l2=1.664e-03 | CTRL last split dropped: 1527399 differ
T=1 latency (GPU-lock held, nothing else running): one-pass 527.4 us
    split SLICE=64 (S=10,  80 CTAs) + combine 86.8 us (6.1x)  [split alone 82.2, combine alone 4.1]
    split SLICE=32 (S=20, 160 CTAs) + combine 86.3 us (6.1x)  [split alone 81.2, combine alone 5.3]
    split SLICE=16 (S=40, 320 CTAs) + combine 83.9 us (6.3x)  [split alone 73.7, combine alone 6.2]
    split SLICE= 8 (S=80, 640 CTAs) + combine 91.3 us (5.8x)  [split alone 75.8, combine alone 10.2]
    T=1 SLICE= 16 (S=40): split+combine 83.9 us | split_lb 100.5 us (0.84x) | split_lb vs split+combine: 0 differ (must be 0) | vs one-pass 99.9634% identical
    T=1 SLICE= 32 (S=20): split+combine 88.7 us | split_lb 98.0 us (0.91x) | split_lb vs split+combine: 0 differ (must be 0) | vs one-pass 99.9756% identical
    T=1 SLICE= 64 (S=10): split+combine 88.0 us | split_lb 98.3 us (0.90x) | split_lb vs split+combine: 0 differ (must be 0) | vs one-pass 99.9634% identical
    T=1 SLICE=128 (S= 5): split+combine 114.0 us | split_lb 117.9 us (0.97x) | split_lb vs split+combine: 0 differ (must be 0) | vs one-pass 99.9603% identical
    T=6 SLICE= 16 (S=40): split+combine 605.2 us | split_lb 595.9 us (1.02x) | split_lb vs split+combine: 0 differ (must be 0) | vs one-pass 99.9710% identical
    T=6 SLICE= 32 (S=20): split+combine 403.9 us | split_lb 410.6 us (0.98x) | split_lb vs split+combine: 0 differ (must be 0) | vs one-pass 99.9730% identical
    T=6 SLICE= 64 (S=10): split+combine 394.0 us | split_lb 399.2 us (0.99x) | split_lb vs split+combine: 0 differ (must be 0) | vs one-pass 99.9720% identical
    T=6 SLICE=128 (S= 5): split+combine 396.4 us | split_lb 401.5 us (0.99x) | split_lb vs split+combine: 0 differ (must be 0) | vs one-pass 99.9700% identical
MMA prefill entry: 2736/1572864 bf16 differ from bf16(one-pass) (99.8260% identical); vs fp32 ref: mma 1.664e-03 (bf16-rounded one-pass 1.664e-03) | CTRL compressed rows dropped: 1538577 differ | T=48: one-pass 3.040 ms, mma 0.166 ms (18.3x)
MMA64 prefill entry (64 heads/CTA): 0/1572864 differ from mma16 (must be 0) | T=48: 0.149 ms (1.12x mma16)
MMA32H prefill entry (32 heads/CTA): 0/1572864 differ from mma16 (must be 0) | T=48: 0.141 ms (1.18x mma16)
FA16H prefill entry: 0/1572864 differ from mma16 (must be 0) | CTRL scale*(1+2^-10): 6226 differ (must be > 0) | T=48: 0.205 ms (0.69x mma32h)
FA32H prefill entry: 0/1572864 differ from mma16 (must be 0) | CTRL scale*(1+2^-10): 6226 differ (must be > 0) | T=48: 0.136 ms (1.04x mma32h)
PIPE mma16p (ldmatrix.trans PV, cp.async gather)PIPE mma32p (ldmatrix.trans PV, cp.async gather)PROBE T=672 mma32h with every K gather on ONE hot row: 1.687 ms vs 1.912 ms real (1.13x) -- gather share of the time
T=672 (fixture x14): mma32h 1.912 ms (44.2 TF/s) | fa16h 3.492 ms (0.55x) | fa32h 2.201 ms (0.87x) | mma16p 3.416 ms (0.56x) | mma32p 2.020 ms (0.95x, 41.9 TF/s)
PASS one-pass streaming gather (controls separate)
